// Jest Snapshot v1, https://goo.gl/fbAQLP

exports[`import_require.js - typescript-verify 1`] = `
====================================options=====================================
parsers: ["typescript"]
printWidth: 80
                                                                                | printWidth
=====================================input======================================
import { IModel } from 'vs/editor/common/editorCommon';                         |
import JSONContributionRegistry = require('vs/platform/jsonschemas/common/jsonCo|ntributionRegistry');
                                                                                |
=====================================output=====================================
import { IModel } from "vs/editor/common/editorCommon";                         |
import JSONContributionRegistry = require("vs/platform/jsonschemas/common/jsonCo|ntributionRegistry");
                                                                                |
================================================================================
`;
