// Jest Snapshot v1, https://goo.gl/fbAQLP

exports[`comments-1.js - babylon-verify 1`] = `
====================================options=====================================
parsers: ["babylon", "typescript", "flow"]
printWidth: 80
=====================================input======================================
// hi l<|>ol
function ehllooo () {
  const hi = "hi"
}

=====================================output=====================================
// hi l<|>ol
function ehllooo() {
  const hi = "hi";
}

================================================================================
`;

exports[`comments-2.js - babylon-verify 1`] = `
====================================options=====================================
parsers: ["babylon", "typescript", "flow"]
printWidth: 80
=====================================input======================================
<|>
// howdy
// hi lol
const y = 5

=====================================output=====================================
<|>// howdy
// hi lol
const y = 5;

================================================================================
`;

exports[`comments-3.js - babylon-verify 1`] = `
====================================options=====================================
parsers: ["babylon", "typescript", "flow"]
printWidth: 80
=====================================input======================================
/<|>/ howdy
// hi lol
const y = 5

=====================================output=====================================
/<|>/ howdy
// hi lol
const y = 5;

================================================================================
`;

exports[`comments-4.js - babylon-verify 1`] = `
====================================options=====================================
parsers: ["babylon", "typescript", "flow"]
printWidth: 80
=====================================input======================================
// howdy
// hi lol
const y = 5
//  traling! <|>

=====================================output=====================================
// howdy
// hi lol
const y = 5;
//  traling!<|>

================================================================================
`;

exports[`cursor-0.js - babylon-verify 1`] = `
====================================options=====================================
parsers: ["babylon", "typescript", "flow"]
printWidth: 80
=====================================input======================================
(function() {return        <|> 15})()

=====================================output=====================================
(function() {
  return <|>15;
})();

================================================================================
`;

exports[`cursor-1.js - babylon-verify 1`] = `
====================================options=====================================
parsers: ["babylon", "typescript", "flow"]
printWidth: 80
=====================================input======================================
(function(){return        <|>15})()

=====================================output=====================================
(function() {
  return <|>15;
})();

================================================================================
`;

exports[`cursor-2.js - babylon-verify 1`] = `
====================================options=====================================
parsers: ["babylon", "typescript", "flow"]
printWidth: 80
=====================================input======================================

foo  <|>  (bar);

=====================================output=====================================
foo<|>(bar);

================================================================================
`;

exports[`cursor-3.js - babylon-verify 1`] = `
====================================options=====================================
parsers: ["babylon", "typescript", "flow"]
printWidth: 80
=====================================input======================================


  <|>

  const y = 5

=====================================output=====================================
<|>const y = 5;

================================================================================
`;

exports[`cursor-4.js - babylon-verify 1`] = `
====================================options=====================================
parsers: ["babylon", "typescript", "flow"]
printWidth: 80
=====================================input======================================


  const y = 5

  <|>

  const z = 9

=====================================output=====================================
const y = 5;

<|>const z = 9;

================================================================================
`;

exports[`cursor-5.js - babylon-verify 1`] = `
====================================options=====================================
parsers: ["babylon", "typescript", "flow"]
printWidth: 80
=====================================input======================================
const    /* h<|>i */    y = 5

=====================================output=====================================
const /* h<|>i */ y = 5;

================================================================================
`;

exports[`cursor-6.js - babylon-verify 1`] = `
====================================options=====================================
parsers: ["babylon", "typescript", "flow"]
printWidth: 80
=====================================input======================================
const      y    /* h<|>i */   = 5

=====================================output=====================================
const y /* h<|>i */ = 5;

================================================================================
`;

exports[`cursor-7.js - babylon-verify 1`] = `
====================================options=====================================
parsers: ["babylon", "typescript", "flow"]
printWidth: 80
=====================================input======================================
const y = 5
<|>

const z = 9

=====================================output=====================================
const y = 5;
<|>
const z = 9;

================================================================================
`;

exports[`cursor-8.js - babylon-verify 1`] = `
====================================options=====================================
parsers: ["babylon", "typescript", "flow"]
printWidth: 80
=====================================input======================================
  func<|>tion banana(){}
=====================================output=====================================
func<|>tion banana() {}

================================================================================
`;

exports[`cursor-9.js - babylon-verify 1`] = `
====================================options=====================================
parsers: ["babylon", "typescript", "flow"]
printWidth: 80
=====================================input======================================
     thisWillBeFormatted  <|>  (2  ,3,   )
=====================================output=====================================
thisWillBeFormatted<|>(2, 3);

================================================================================
`;

exports[`cursor-10.js - babylon-verify 1`] = `
====================================options=====================================
parsers: ["babylon", "typescript", "flow"]
printWidth: 80
=====================================input======================================
const y = 5




<|>
  
=====================================output=====================================
const y = 5;
<|>
================================================================================
`;

exports[`file-start-with-comment-1.js - babylon-verify 1`] = `
====================================options=====================================
parsers: ["babylon", "typescript", "flow"]
printWidth: 80
=====================================input======================================
// hi<|> lol
haha()

=====================================output=====================================
// hi<|> lol
haha();

================================================================================
`;

exports[`file-start-with-comment-2.js - babylon-verify 1`] = `
====================================options=====================================
parsers: ["babylon", "typescript", "flow"]
printWidth: 80
=====================================input======================================
// hi lol
haha()<|>

=====================================output=====================================
// hi lol
haha()<|>;

================================================================================
`;

exports[`range-0.js - babylon-verify 1`] = `
====================================options=====================================
parsers: ["babylon", "typescript", "flow"]
printWidth: 80
=====================================input======================================
thisWontBeFormatted  ( 1  ,3)

    thisWillBeFormatted  <|>  (2  ,3,   )

    thisWontBeFormatted  (2, 90  ,)
    
=====================================output=====================================
thisWontBeFormatted  ( 1  ,3)

    thisWillBeFormatted<|>(2, 3);

    thisWontBeFormatted  (2, 90  ,)
    
================================================================================
`;

exports[`range-1.js - babylon-verify 1`] = `
====================================options=====================================
parsers: ["babylon", "typescript", "flow"]
printWidth: 80
=====================================input======================================
thisWontBeFormatted  ( 1  ,3)

    thisWillBeFormatted    (2  ,3<|>,   )

    thisWontBeFormatted  (2, 90  ,)
    
=====================================output=====================================
thisWontBeFormatted  ( 1  ,3)

    thisWillBeFormatted(2, 3<|>);

    thisWontBeFormatted  (2, 90  ,)
    
================================================================================
`;

exports[`range-2.js - babylon-verify 1`] = `
====================================options=====================================
parsers: ["babylon", "typescript", "flow"]
printWidth: 80
=====================================input======================================
thisWontBeFormatted  ( 1  ,3)

    thisWillBeFormatted    (2  ,3,  <|> )

    thisWontBeFormatted  (2, 90  ,)
    
=====================================output=====================================
thisWontBeFormatted  ( 1  ,3)

    thisWillBeFormatted(2, 3<|>);

    thisWontBeFormatted  (2, 90  ,)
    
================================================================================
`;

exports[`range-3.js - babylon-verify 1`] = `
====================================options=====================================
parsers: ["babylon", "typescript", "flow"]
printWidth: 80
=====================================input======================================
thisWontBeFormatted <|> ( 1  ,3)

    thisWillBeFormatted    (2  ,3,   )

    thisWontBeFormatted  (2, 90  ,)
    
=====================================output=====================================
thisWontBeFormatted <|> ( 1  ,3)

    thisWillBeFormatted(2, 3);

    thisWontBeFormatted  (2, 90  ,)
    
================================================================================
`;

exports[`range-4.js - babylon-verify 1`] = `
====================================options=====================================
parsers: ["babylon", "typescript", "flow"]
printWidth: 80
=====================================input======================================
thisWontBeFormatted  ( 1  ,3)

    thisWillBeFormatted    (2  ,3,   )

    thisWontBeFormatted  (2, 9<|>0  ,)
    
=====================================output=====================================
thisWontBeFormatted  ( 1  ,3)

    thisWillBeFormatted(2, 3);

    thisWontBeFormatted  (2, 9<|>0  ,)
    
================================================================================
`;
