// Jest Snapshot v1, https://goo.gl/fbAQLP

exports[`identifier.json - json-verify 1`] = `
====================================options=====================================
parsers: ["json"]
printWidth: 80
=====================================input======================================
{"a":1, "b":2}

=====================================output=====================================
{"a":1, "b":2}

================================================================================
`;

exports[`issue2297.json - json-verify 1`] = `
====================================options=====================================
parsers: ["json"]
printWidth: 80
=====================================input======================================
{"a":1, "b":2}

=====================================output=====================================
{"a":1, "b":2}

================================================================================
`;
