// Jest Snapshot v1, https://goo.gl/fbAQLP

exports[`keyvalue.js - flow-verify 1`] = `
====================================options=====================================
parsers: ["flow"]
printWidth: 80
                                                                                | printWidth
=====================================input======================================
// @flow                                                                        |
                                                                                |
let tests = [                                                                   |
  function(x: { [key: number]: string }) {                                      |
    (x[""]: number);                                                            |
  }                                                                             |
];                                                                              |
                                                                                |
=====================================output=====================================
// @flow                                                                        |
                                                                                |
let tests = [                                                                   |
  function(x: { [key: number]: string }) {                                      |
    (x[""]: number);                                                            |
  }                                                                             |
];                                                                              |
                                                                                |
================================================================================
`;
