// Jest Snapshot v1, https://goo.gl/fbAQLP

exports[`standalone-end-marker.html - html-verify 1`] = `
====================================options=====================================
parsers: ["html"]
printWidth: 80
                                                                                | printWidth
=====================================input======================================
<div></div                                                                      |
>                                                                               |
<span></span>                                                                   |
<div></div                                                                      |
                                                                                |
                                                                                |
           >                                                                    |
<span></span>                                                                   |
<div></div                                                                      |
>                                                                               |
                                                                                |
<span></span>                                                                   |
                                                                                |
<div>                                                                           |
  <a href="#12312312312312313123131232131231231231231231231231231312312312312312|3"
    >123123123123</a                                                            |
  >                                                                             |
                                                                                |
  123123                                                                        |
</div>                                                                          |
                                                                                |
=====================================output=====================================
<div></div>                                                                     |
<span></span>                                                                   |
<div></div>                                                                     |
<span></span>                                                                   |
<div></div>                                                                     |
                                                                                |
<span></span>                                                                   |
                                                                                |
<div>                                                                           |
  <a                                                                            |
    href="#123123123123123131231312321312312312312312312312312313123123123123123|"
    >123123123123</a                                                            |
  >                                                                             |
                                                                                |
  123123                                                                        |
</div>                                                                          |
                                                                                |
================================================================================
`;
