// Jest Snapshot v1, https://goo.gl/fbAQLP

exports[`jsx_same_line.js - flow-verify 1`] = `
====================================options=====================================
jsxBracketSameLine: true
parsers: ["flow", "babylon", "typescript"]
printWidth: 80
                                                                                | printWidth
=====================================input======================================
<div                                                                            |
  // comment                                                                    |
>                                                                               |
  {foo}                                                                         |
</div>;                                                                         |
                                                                                |
<div                                                                            |
  // comment                                                                    |
  attr="foo"                                                                    |
>                                                                               |
  {foo}                                                                         |
</div>;                                                                         |
                                                                                |
<div                                                                            |
  attr="foo" // comment                                                         |
>                                                                               |
  {foo}                                                                         |
</div>;                                                                         |
                                                                                |
<div                                                                            |
  attr="foo"                                                                    |
  // comment                                                                    |
>                                                                               |
  {foo}                                                                         |
</div>;                                                                         |
                                                                                |
<br // comment                                                                  |
/>;                                                                             |
                                                                                |
=====================================output=====================================
<div                                                                            |
// comment                                                                      |
>                                                                               |
  {foo}                                                                         |
</div>;                                                                         |
                                                                                |
<div                                                                            |
  // comment                                                                    |
  attr="foo">                                                                   |
  {foo}                                                                         |
</div>;                                                                         |
                                                                                |
<div                                                                            |
  attr="foo" // comment                                                         |
>                                                                               |
  {foo}                                                                         |
</div>;                                                                         |
                                                                                |
<div                                                                            |
  attr="foo"                                                                    |
  // comment                                                                    |
>                                                                               |
  {foo}                                                                         |
</div>;                                                                         |
                                                                                |
<br // comment                                                                  |
/>;                                                                             |
                                                                                |
================================================================================
`;
