// Jest Snapshot v1, https://goo.gl/fbAQLP

exports[`nested_test.js - flow-verify 1`] = `
====================================options=====================================
parsers: ["flow"]
printWidth: 80
                                                                                | printWidth
=====================================input======================================
/* @flow */                                                                     |
                                                                                |
var docblock = require('qux/docblock');                                         |
var min = require('d3/min.js');                                                 |
var corge = require('qux/corge');                                               |
                                                                                |
(docblock.fun(): boolean); // Error: Either Implementation ~> boolean or Declara|tion ~> boolean
(min.fun(): boolean); // Error: Either Implementation ~> boolean or Declaration |~> boolean
(corge.fun(): boolean); // Error: Either Implementation ~> boolean or Declaratio|n ~> boolean
                                                                                |
=====================================output=====================================
/* @flow */                                                                     |
                                                                                |
var docblock = require("qux/docblock");                                         |
var min = require("d3/min.js");                                                 |
var corge = require("qux/corge");                                               |
                                                                                |
(docblock.fun(): boolean); // Error: Either Implementation ~> boolean or Declara|tion ~> boolean
(min.fun(): boolean); // Error: Either Implementation ~> boolean or Declaration |~> boolean
(corge.fun(): boolean); // Error: Either Implementation ~> boolean or Declaratio|n ~> boolean
                                                                                |
================================================================================
`;
