// Jest Snapshot v1, https://goo.gl/fbAQLP

exports[`variableDeclarator.ts - typescript-verify 1`] = `
====================================options=====================================
parsers: ["typescript"]
printWidth: 80
                                                                                | printWidth
=====================================input======================================
type MyMap<T, P> = Map<T, P>;                                                   |
                                                                                |
=====================================output=====================================
type MyMap<T, P> = Map<T, P>;                                                   |
                                                                                |
================================================================================
`;
