// Jest Snapshot v1, https://goo.gl/fbAQLP

exports[`moduleDeclaration.ts - typescript-verify 1`] = `
====================================options=====================================
parsers: ["typescript"]
printWidth: 80
                                                                                | printWidth
=====================================input======================================
module A {                                                                      |
    export class A {                                                            |
    }                                                                           |
}                                                                               |
                                                                                |
declare module "B" {                                                            |
    export class B {                                                            |
    }                                                                           |
}                                                                               |
                                                                                |
=====================================output=====================================
namespace A {                                                                   |
  export class A {}                                                             |
}                                                                               |
                                                                                |
declare module "B" {                                                            |
  export class B {}                                                             |
}                                                                               |
                                                                                |
================================================================================
`;
