// Jest Snapshot v1, https://goo.gl/fbAQLP

exports[`indent.js - flow-verify 1`] = `
====================================options=====================================
parsers: ["flow", "typescript"]
printWidth: 80
                                                                                | printWidth
=====================================input======================================
if (someVeryLongStringA && someVeryLongStringB && someVeryLongStringC && someVer|yLongStringD) {}
while (someVeryLongStringA && someVeryLongStringB && someVeryLongStringC && some|VeryLongStringD) {}
do {}                                                                           |
while (someVeryLongStringA && someVeryLongStringB && someVeryLongStringC && some|VeryLongStringD);
                                                                                |
if (someVeryLongFunc(someVeryLongArgA, someVeryLongArgB, someVeryLongArgC, someV|eryLongArgD)) {}
while (someVeryLongFunc(someVeryLongArgA, someVeryLongArgB, someVeryLongArgC, so|meVeryLongArgD)) {}
do {}                                                                           |
while (someVeryLongFunc(someVeryLongArgA, someVeryLongArgB, someVeryLongArgC, so|meVeryLongArgD));
                                                                                |
while (0) 1;                                                                    |
                                                                                |
do 1;                                                                           |
while (0);                                                                      |
                                                                                |
=====================================output=====================================
if (                                                                            |
  someVeryLongStringA &&                                                        |
  someVeryLongStringB &&                                                        |
  someVeryLongStringC &&                                                        |
  someVeryLongStringD                                                           |
) {                                                                             |
}                                                                               |
while (                                                                         |
  someVeryLongStringA &&                                                        |
  someVeryLongStringB &&                                                        |
  someVeryLongStringC &&                                                        |
  someVeryLongStringD                                                           |
) {}                                                                            |
do {} while (                                                                   |
  someVeryLongStringA &&                                                        |
  someVeryLongStringB &&                                                        |
  someVeryLongStringC &&                                                        |
  someVeryLongStringD                                                           |
);                                                                              |
                                                                                |
if (                                                                            |
  someVeryLongFunc(                                                             |
    someVeryLongArgA,                                                           |
    someVeryLongArgB,                                                           |
    someVeryLongArgC,                                                           |
    someVeryLongArgD                                                            |
  )                                                                             |
) {                                                                             |
}                                                                               |
while (                                                                         |
  someVeryLongFunc(                                                             |
    someVeryLongArgA,                                                           |
    someVeryLongArgB,                                                           |
    someVeryLongArgC,                                                           |
    someVeryLongArgD                                                            |
  )                                                                             |
) {}                                                                            |
do {} while (                                                                   |
  someVeryLongFunc(                                                             |
    someVeryLongArgA,                                                           |
    someVeryLongArgB,                                                           |
    someVeryLongArgC,                                                           |
    someVeryLongArgD                                                            |
  )                                                                             |
);                                                                              |
                                                                                |
while (0) 1;                                                                    |
                                                                                |
do 1;                                                                           |
while (0);                                                                      |
                                                                                |
================================================================================
`;
