// Jest Snapshot v1, https://goo.gl/fbAQLP

exports[`constKeyword.ts - typescript-verify 1`] = `
====================================options=====================================
parsers: ["typescript"]
printWidth: 80
                                                                                | printWidth
=====================================input======================================
const enum E { A, B, C }                                                        |
                                                                                |
=====================================output=====================================
const enum E {                                                                  |
  A,                                                                            |
  B,                                                                            |
  C                                                                             |
}                                                                               |
                                                                                |
================================================================================
`;
