// Jest Snapshot v1, https://goo.gl/fbAQLP

exports[`test.css - css-verify 1`] = `
====================================options=====================================
parsers: ["css"]
printWidth: 80
=====================================input======================================
.blah {
  /* hloow <|> */
  background-color: white;
}

=====================================output=====================================
.blah {
  /* hloow <|> */
  background-color: white;
}

================================================================================
`;
