// Jest Snapshot v1, https://goo.gl/fbAQLP

exports[`issue2296.graphql - graphql-verify 1`] = `
====================================options=====================================
parsers: ["graphql"]
printWidth: 80
=====================================input======================================
{NPC{life}}

=====================================output=====================================
{
  NPC {
    life
  }
}

================================================================================
`;
