// Jest Snapshot v1, https://goo.gl/fbAQLP

exports[`maybe_return.js - flow-verify 1`] = `
====================================options=====================================
parsers: ["flow", "babylon"]
printWidth: 80
                                                                                | printWidth
=====================================input======================================
function getScaledData({x}): ?{foo: number} {}                                  |
                                                                                |
=====================================output=====================================
function getScaledData({ x }): ?{ foo: number } {}                              |
                                                                                |
================================================================================
`;
