// Jest Snapshot v1, https://goo.gl/fbAQLP

exports[`simple.md - markdown-verify 1`] = `
====================================options=====================================
parsers: ["markdown"]
printWidth: 80
proseWrap: "always"
                                                                                | printWidth
=====================================input======================================
[alpha]: http://example.com                                                     |
                                                                                |
=====================================output=====================================
[alpha]: http://example.com                                                     |
                                                                                |
================================================================================
`;

exports[`space.md - markdown-verify 1`] = `
====================================options=====================================
parsers: ["markdown"]
printWidth: 80
proseWrap: "always"
                                                                                | printWidth
=====================================input======================================
[alpha]: <http://example.com 123> "title"                                       |
                                                                                |
=====================================output=====================================
[alpha]: <http://example.com 123> "title"                                       |
                                                                                |
================================================================================
`;

exports[`title.md - markdown-verify 1`] = `
====================================options=====================================
parsers: ["markdown"]
printWidth: 80
proseWrap: "always"
                                                                                | printWidth
=====================================input======================================
[alpha]: http://example.com "title"                                             |
                                                                                |
=====================================output=====================================
[alpha]: http://example.com "title"                                             |
                                                                                |
================================================================================
`;
