// Jest Snapshot v1, https://goo.gl/fbAQLP

exports[`member-chain.js - typescript-verify 1`] = `
====================================options=====================================
parsers: ["typescript"]
printWidth: 80
                                                                                | printWidth
=====================================input======================================
const { somePropThatHasAReallyLongName, anotherPropThatHasALongName } = this.pro|ps.imReallySureAboutThis!;
                                                                                |
const { somePropThatHasAReallyLongName, anotherPropThatHasALongName } = this.pro|ps.imReallySureAboutThis!.anotherObject;
                                                                                |
this.foo.get("bar")!.doThings().more();                                         |
                                                                                |
foo!.bar().baz().what();                                                        |
                                                                                |
=====================================output=====================================
const {                                                                         |
  somePropThatHasAReallyLongName,                                               |
  anotherPropThatHasALongName                                                   |
} = this.props.imReallySureAboutThis!;                                          |
                                                                                |
const {                                                                         |
  somePropThatHasAReallyLongName,                                               |
  anotherPropThatHasALongName                                                   |
} = this.props.imReallySureAboutThis!.anotherObject;                            |
                                                                                |
this.foo                                                                        |
  .get("bar")!                                                                  |
  .doThings()                                                                   |
  .more();                                                                      |
                                                                                |
foo!                                                                            |
  .bar()                                                                        |
  .baz()                                                                        |
  .what();                                                                      |
                                                                                |
================================================================================
`;

exports[`parens.ts - typescript-verify 1`] = `
====================================options=====================================
parsers: ["typescript"]
printWidth: 80
                                                                                | printWidth
=====================================input======================================
(a ? b : c) ![tokenKey];                                                        |
(a || b) ![tokenKey];                                                           |
(void 0)!;                                                                      |
                                                                                |
async function f() {                                                            |
    return (await foo())!;                                                      |
}                                                                               |
                                                                                |
function* g() {                                                                 |
    return (yield * foo())!;                                                    |
}                                                                               |
                                                                                |
=====================================output=====================================
(a ? b : c)![tokenKey];                                                         |
(a || b)![tokenKey];                                                            |
(void 0)!;                                                                      |
                                                                                |
async function f() {                                                            |
  return (await foo())!;                                                        |
}                                                                               |
                                                                                |
function* g() {                                                                 |
  return (yield* foo())!;                                                       |
}                                                                               |
                                                                                |
================================================================================
`;
