// Jest Snapshot v1, https://goo.gl/fbAQLP

exports[`example.html - html-verify 1`] = `
<div>Fuga magnam facilis. Voluptatem quaerat porro.{{


x => {
    const hello = 'world'
    return hello;
}



}} Magni consectetur in et molestias neque esse voluptatibus voluptas. {{  
    
    
    some_variable 



}} Eum quia nihil nulla esse. Dolorem asperiores vero est error {{

                    preserve

                    invalid
                    
                    interpolation

}} reprehenderit voluptates minus {{console.log(  short_interpolation )}} nemo.</div>
~~~~~~~~~~~~~~~~~~~~~~~~~~~~~~~~~~~~~~~~~~~~~~~~~~~~~~~~~~~~~~~~~~~~~~~~~~~~~~~~
<div>
  Fuga magnam facilis. Voluptatem quaerat porro.{{
    x => {
      const hello = "world";
      return hello;
    }
  }} Magni consectetur in et molestias neque esse voluptatibus voluptas.
  {{some_variable}} Eum quia nihil nulla esse. Dolorem asperiores vero est error
  {{

                    preserve

                    invalid
                    
                    interpolation

  }} reprehenderit voluptates minus {{console.log(short_interpolation)}} nemo.
</div>

`;
