// Jest Snapshot v1, https://goo.gl/fbAQLP

exports[`do.js - babylon-verify 1`] = `
====================================options=====================================
parsers: ["babylon"]
printWidth: 80
                                                                                | printWidth
=====================================input======================================
<div>                                                                           |
  {do {                                                                         |
	  1                                                                            |
  }}                                                                            |
</div>                                                                          |
                                                                                |
=====================================output=====================================
<div>                                                                           |
  {do {                                                                         |
    1;                                                                          |
  }}                                                                            |
</div>;                                                                         |
                                                                                |
================================================================================
`;
