// Jest Snapshot v1, https://goo.gl/fbAQLP

exports[`conditional.js - flow-verify 1`] = `
====================================options=====================================
parsers: ["flow", "typescript"]
printWidth: 80
                                                                                | printWidth
=====================================input======================================
(valid                                                                          |
  ? helper.responseBody(this.currentUser)                                       |
  : helper.responseBody(this.defaultUser))                                      |
.prop;                                                                          |
                                                                                |
=====================================output=====================================
(valid                                                                          |
  ? helper.responseBody(this.currentUser)                                       |
  : helper.responseBody(this.defaultUser)                                       |
).prop;                                                                         |
                                                                                |
================================================================================
`;

exports[`expand.js - flow-verify 1`] = `
====================================options=====================================
parsers: ["flow", "typescript"]
printWidth: 80
                                                                                | printWidth
=====================================input======================================
const veryVeryVeryVeryVeryVeryVeryLong = doc.expandedStates[doc.expandedStates.l|ength - 1];
const small = doc.expandedStates[doc.expandedStates.length - 1];                |
                                                                                |
const promises = [                                                              |
  promise.resolve().then(console.log).catch(err => {                            |
    console.log(err)                                                            |
    return null                                                                 |
  }),                                                                           |
  redis.fetch(),                                                                |
  other.fetch(),                                                                |
];                                                                              |
                                                                                |
const promises = [                                                              |
  promise.resolve().veryLongFunctionCall().veryLongFunctionCall().then(console.l|og).catch(err => {
    console.log(err)                                                            |
    return null                                                                 |
  }),                                                                           |
  redis.fetch(),                                                                |
  other.fetch(),                                                                |
];                                                                              |
                                                                                |
window.FooClient.setVars({                                                      |
  locale: getFooLocale({ page }),                                               |
  authorizationToken: data.token                                                |
}).initVerify("foo_container");                                                 |
                                                                                |
window.something.FooClient.setVars({                                            |
  locale: getFooLocale({ page }),                                               |
  authorizationToken: data.token                                                |
}).initVerify("foo_container");                                                 |
                                                                                |
window.FooClient.something.setVars({                                            |
  locale: getFooLocale({ page }),                                               |
  authorizationToken: data.token                                                |
}).initVerify("foo_container");                                                 |
                                                                                |
=====================================output=====================================
const veryVeryVeryVeryVeryVeryVeryLong =                                        |
  doc.expandedStates[doc.expandedStates.length - 1];                            |
const small = doc.expandedStates[doc.expandedStates.length - 1];                |
                                                                                |
const promises = [                                                              |
  promise                                                                       |
    .resolve()                                                                  |
    .then(console.log)                                                          |
    .catch(err => {                                                             |
      console.log(err);                                                         |
      return null;                                                              |
    }),                                                                         |
  redis.fetch(),                                                                |
  other.fetch()                                                                 |
];                                                                              |
                                                                                |
const promises = [                                                              |
  promise                                                                       |
    .resolve()                                                                  |
    .veryLongFunctionCall()                                                     |
    .veryLongFunctionCall()                                                     |
    .then(console.log)                                                          |
    .catch(err => {                                                             |
      console.log(err);                                                         |
      return null;                                                              |
    }),                                                                         |
  redis.fetch(),                                                                |
  other.fetch()                                                                 |
];                                                                              |
                                                                                |
window.FooClient.setVars({                                                      |
  locale: getFooLocale({ page }),                                               |
  authorizationToken: data.token                                                |
}).initVerify("foo_container");                                                 |
                                                                                |
window.something.FooClient.setVars({                                            |
  locale: getFooLocale({ page }),                                               |
  authorizationToken: data.token                                                |
}).initVerify("foo_container");                                                 |
                                                                                |
window.FooClient.something                                                      |
  .setVars({                                                                    |
    locale: getFooLocale({ page }),                                             |
    authorizationToken: data.token                                              |
  })                                                                            |
  .initVerify("foo_container");                                                 |
                                                                                |
================================================================================
`;

exports[`logical.js - flow-verify 1`] = `
====================================options=====================================
parsers: ["flow", "typescript"]
printWidth: 80
                                                                                | printWidth
=====================================input======================================
(veryLongVeryLongVeryLong || e).prop;                                           |
                                                                                |
(veryLongVeryLongVeryLong || anotherVeryLongVeryLongVeryLong || veryVeryVeryLong|Error).prop;
                                                                                |
=====================================output=====================================
(veryLongVeryLongVeryLong || e).prop;                                           |
                                                                                |
(                                                                               |
  veryLongVeryLongVeryLong ||                                                   |
  anotherVeryLongVeryLongVeryLong ||                                            |
  veryVeryVeryLongError                                                         |
).prop;                                                                         |
                                                                                |
================================================================================
`;
