// Jest Snapshot v1, https://goo.gl/fbAQLP

exports[`boundary.js - flow-verify 1`] = `
====================================options=====================================
parsers: ["flow", "babylon", "typescript"]
printWidth: 80
                                                                                | printWidth
=====================================input======================================
\`\${                                                                             |
a +  // a                                                                       |
  a                                                                             |
}                                                                               |
                                                                                |
\${a // comment                                                                  |
}                                                                               |
                                                                                |
\${b /* comment */}                                                              |
                                                                                |
\${/* comment */ c /* comment */}                                                |
                                                                                |
\${// comment                                                                    |
d //comment                                                                     |
}                                                                               |
                                                                                |
\${// $FlowFixMe found when converting React.createClass to ES6                  |
ExampleStory.getFragment('story')}                                              |
\`;                                                                              |
                                                                                |
<div>                                                                           |
{ExampleStory.getFragment('story') // $FlowFixMe found when converting React.cre|ateClass to ES6
}                                                                               |
</div>;                                                                         |
                                                                                |
=====================================output=====================================
\`\${a + a // a                                                                   |
}                                                                               |
                                                                                |
\${                                                                              |
  a // comment                                                                  |
}                                                                               |
                                                                                |
\${b /* comment */}                                                              |
                                                                                |
\${/* comment */ c /* comment */}                                                |
                                                                                |
\${                                                                              |
  // comment                                                                    |
  d //comment                                                                   |
}                                                                               |
                                                                                |
\${                                                                              |
  // $FlowFixMe found when converting React.createClass to ES6                  |
  ExampleStory.getFragment("story")                                             |
}                                                                               |
\`;                                                                              |
                                                                                |
<div>                                                                           |
  {ExampleStory.getFragment("story") // $FlowFixMe found when converting React.c|reateClass to ES6
  }                                                                             |
</div>;                                                                         |
                                                                                |
================================================================================
`;
