// Jest Snapshot v1, https://goo.gl/fbAQLP

exports[`destructuring.ts - typescript-verify 1`] = `
====================================options=====================================
parsers: ["typescript"]
printWidth: 80
                                                                                | printWidth
=====================================input======================================
({ foo = [] } = bar);                                                           |
                                                                                |
function f({ x }?) {}                                                           |
function g([ x ]?) {}                                                           |
                                                                                |
=====================================output=====================================
({ foo = [] } = bar);                                                           |
                                                                                |
function f({ x }?) {}                                                           |
function g([x]?) {}                                                             |
                                                                                |
================================================================================
`;
