// Jest Snapshot v1, https://goo.gl/fbAQLP

exports[`foo.js - flow-verify 1`] = `
====================================options=====================================
parsers: ["flow"]
printWidth: 80
                                                                                | printWidth
=====================================input======================================
/* @flow */                                                                     |
                                                                                |
var x: number = "string"; // Error string ~> number                             |
                                                                                |
=====================================output=====================================
/* @flow */                                                                     |
                                                                                |
var x: number = "string"; // Error string ~> number                             |
                                                                                |
================================================================================
`;
