// Jest Snapshot v1, https://goo.gl/fbAQLP

exports[`autolink.md - markdown-verify 1`] = `
====================================options=====================================
parsers: ["markdown"]
printWidth: 80
proseWrap: "always"
                                                                                | printWidth
=====================================input======================================
<https://www.example.com>                                                       |
                                                                                |
<hello@example.com>                                                             |
                                                                                |
<mailto:hello@example.com>                                                      |
                                                                                |
=====================================output=====================================
<https://www.example.com>                                                       |
                                                                                |
<hello@example.com>                                                             |
                                                                                |
<mailto:hello@example.com>                                                      |
                                                                                |
================================================================================
`;

exports[`autolink.md - markdown-verify 2`] = `
====================================options=====================================
parsers: ["markdown"]
printWidth: 80
proseWrap: "always"
singleQuote: true
                                                                                | printWidth
=====================================input======================================
<https://www.example.com>                                                       |
                                                                                |
<hello@example.com>                                                             |
                                                                                |
<mailto:hello@example.com>                                                      |
                                                                                |
=====================================output=====================================
<https://www.example.com>                                                       |
                                                                                |
<hello@example.com>                                                             |
                                                                                |
<mailto:hello@example.com>                                                      |
                                                                                |
================================================================================
`;

exports[`entity.md - markdown-verify 1`] = `
====================================options=====================================
parsers: ["markdown"]
printWidth: 80
proseWrap: "always"
                                                                                | printWidth
=====================================input======================================
[Test](http://localhost:8080/test?language=DE&currency=EUR)                     |
                                                                                |
=====================================output=====================================
[Test](http://localhost:8080/test?language=DE&currency=EUR)                     |
                                                                                |
================================================================================
`;

exports[`entity.md - markdown-verify 2`] = `
====================================options=====================================
parsers: ["markdown"]
printWidth: 80
proseWrap: "always"
singleQuote: true
                                                                                | printWidth
=====================================input======================================
[Test](http://localhost:8080/test?language=DE&currency=EUR)                     |
                                                                                |
=====================================output=====================================
[Test](http://localhost:8080/test?language=DE&currency=EUR)                     |
                                                                                |
================================================================================
`;

exports[`long.md - markdown-verify 1`] = `
====================================options=====================================
parsers: ["markdown"]
printWidth: 80
proseWrap: "always"
                                                                                | printWidth
=====================================input======================================
[podium context](https://github.schibsted.io/finn/podium/tree/master/packages/po|dium-context)
                                                                                |
=====================================output=====================================
[podium context](https://github.schibsted.io/finn/podium/tree/master/packages/po|dium-context)
                                                                                |
================================================================================
`;

exports[`long.md - markdown-verify 2`] = `
====================================options=====================================
parsers: ["markdown"]
printWidth: 80
proseWrap: "always"
singleQuote: true
                                                                                | printWidth
=====================================input======================================
[podium context](https://github.schibsted.io/finn/podium/tree/master/packages/po|dium-context)
                                                                                |
=====================================output=====================================
[podium context](https://github.schibsted.io/finn/podium/tree/master/packages/po|dium-context)
                                                                                |
================================================================================
`;

exports[`simple.md - markdown-verify 1`] = `
====================================options=====================================
parsers: ["markdown"]
printWidth: 80
proseWrap: "always"
                                                                                | printWidth
=====================================input======================================
[hello](#world)                                                                 |
                                                                                |
=====================================output=====================================
[hello](#world)                                                                 |
                                                                                |
================================================================================
`;

exports[`simple.md - markdown-verify 2`] = `
====================================options=====================================
parsers: ["markdown"]
printWidth: 80
proseWrap: "always"
singleQuote: true
                                                                                | printWidth
=====================================input======================================
[hello](#world)                                                                 |
                                                                                |
=====================================output=====================================
[hello](#world)                                                                 |
                                                                                |
================================================================================
`;

exports[`title.md - markdown-verify 1`] = `
====================================options=====================================
parsers: ["markdown"]
printWidth: 80
proseWrap: "always"
                                                                                | printWidth
=====================================input======================================
[hello](#world "title")                                                         |
[hello](#world 'title')                                                         |
[hello](#world (title))                                                         |
                                                                                |
[a](https://example.com "\\"")                                                   |
[a](https://example.com '\\"')                                                   |
[a](https://example.com (\\"))                                                   |
                                                                                |
[a](https://example.com "\\'")                                                   |
[a](https://example.com '\\'')                                                   |
[a](https://example.com (\\'))                                                   |
                                                                                |
[a](https://example.com "\\'")                                                   |
[a](https://example.com '\\)')                                                   |
[a](https://example.com (\\)))                                                   |
                                                                                |
<!-- magical incantations -->                                                   |
                                                                                |
[a](https://example.com "\\"')")                                                 |
[a](https://example.com '"\\')')                                                 |
[a](https://example.com ("'\\)))                                                 |
                                                                                |
<!-- mis-parsing, \`\\\` are missing: -->                                          |
                                                                                |
[a](https://example.com "\\\\\\"")                                                 |
[a](https://example.com '\\\\\\'')                                                 |
[a](https://example.com (\\\\\\)))                                                 |
                                                                                |
[a](https://example.com "\\\\'")                                                  |
[a](https://example.com '\\\\"')                                                  |
[a](https://example.com (\\\\"))                                                  |
                                                                                |
=====================================output=====================================
[hello](#world "title") [hello](#world "title") [hello](#world "title")         |
                                                                                |
[a](https://example.com '"') [a](https://example.com '"')                       |
[a](https://example.com '"')                                                    |
                                                                                |
[a](https://example.com "'") [a](https://example.com "'")                       |
[a](https://example.com "'")                                                    |
                                                                                |
[a](https://example.com "'") [a](https://example.com ")")                       |
[a](https://example.com ")")                                                    |
                                                                                |
<!-- magical incantations -->                                                   |
                                                                                |
[a](https://example.com "\\"')") [a](https://example.com "\\"')")                 |
[a](https://example.com "\\"')")                                                 |
                                                                                |
<!-- mis-parsing, \`\\\` are missing: -->                                          |
                                                                                |
[a](https://example.com '"') [a](https://example.com "'")                       |
[a](https://example.com ")")                                                    |
                                                                                |
[a](https://example.com "'") [a](https://example.com '"')                       |
[a](https://example.com '"')                                                    |
                                                                                |
================================================================================
`;

exports[`title.md - markdown-verify 2`] = `
====================================options=====================================
parsers: ["markdown"]
printWidth: 80
proseWrap: "always"
singleQuote: true
                                                                                | printWidth
=====================================input======================================
[hello](#world "title")                                                         |
[hello](#world 'title')                                                         |
[hello](#world (title))                                                         |
                                                                                |
[a](https://example.com "\\"")                                                   |
[a](https://example.com '\\"')                                                   |
[a](https://example.com (\\"))                                                   |
                                                                                |
[a](https://example.com "\\'")                                                   |
[a](https://example.com '\\'')                                                   |
[a](https://example.com (\\'))                                                   |
                                                                                |
[a](https://example.com "\\'")                                                   |
[a](https://example.com '\\)')                                                   |
[a](https://example.com (\\)))                                                   |
                                                                                |
<!-- magical incantations -->                                                   |
                                                                                |
[a](https://example.com "\\"')")                                                 |
[a](https://example.com '"\\')')                                                 |
[a](https://example.com ("'\\)))                                                 |
                                                                                |
<!-- mis-parsing, \`\\\` are missing: -->                                          |
                                                                                |
[a](https://example.com "\\\\\\"")                                                 |
[a](https://example.com '\\\\\\'')                                                 |
[a](https://example.com (\\\\\\)))                                                 |
                                                                                |
[a](https://example.com "\\\\'")                                                  |
[a](https://example.com '\\\\"')                                                  |
[a](https://example.com (\\\\"))                                                  |
                                                                                |
=====================================output=====================================
[hello](#world 'title') [hello](#world 'title') [hello](#world 'title')         |
                                                                                |
[a](https://example.com '"') [a](https://example.com '"')                       |
[a](https://example.com '"')                                                    |
                                                                                |
[a](https://example.com "'") [a](https://example.com "'")                       |
[a](https://example.com "'")                                                    |
                                                                                |
[a](https://example.com "'") [a](https://example.com ')')                       |
[a](https://example.com ')')                                                    |
                                                                                |
<!-- magical incantations -->                                                   |
                                                                                |
[a](https://example.com '"\\')') [a](https://example.com '"\\')')                 |
[a](https://example.com '"\\')')                                                 |
                                                                                |
<!-- mis-parsing, \`\\\` are missing: -->                                          |
                                                                                |
[a](https://example.com '"') [a](https://example.com "'")                       |
[a](https://example.com ')')                                                    |
                                                                                |
[a](https://example.com "'") [a](https://example.com '"')                       |
[a](https://example.com '"')                                                    |
                                                                                |
================================================================================
`;

exports[`url.md - markdown-verify 1`] = `
====================================options=====================================
parsers: ["markdown"]
printWidth: 80
proseWrap: "always"
                                                                                | printWidth
=====================================input======================================
https://www.example.com/                                                        |
                                                                                |
=====================================output=====================================
https://www.example.com/                                                        |
                                                                                |
================================================================================
`;

exports[`url.md - markdown-verify 2`] = `
====================================options=====================================
parsers: ["markdown"]
printWidth: 80
proseWrap: "always"
singleQuote: true
                                                                                | printWidth
=====================================input======================================
https://www.example.com/                                                        |
                                                                                |
=====================================output=====================================
https://www.example.com/                                                        |
                                                                                |
================================================================================
`;
